// Jest Snapshot v1, https://goo.gl/fbAQLP

exports[`If it renders correctly 1`] = `
<button
  type="button"
>
   
</button>
`;
